src/screens/SellerOrdersScreen.tsx(52,24): error TS2339: Property 'paymentStatus' does not exist on type 'Order'.
src/screens/SellerOrdersScreen.tsx(118,47): error TS2339: Property 'paymentStatus' does not exist on type 'Order'.
src/screens/SellerOrdersScreen.tsx(127,47): error TS2339: Property 'paymentStatus' does not exist on type 'Order'.
src/screens/SellerOrdersScreen.tsx(731,31): error TS2345: Argument of type '{ id: string; customerName: string; customerPhone: string; shippingAddress: string; items: OrderItemDisplay[]; totalAmount: number; paymentMethod: string; paymentStatus: any; status: OrderStatus; createdAt: string; }[]' is not assignable to parameter of type 'OrderData[]'.
  Type '{ id: string; customerName: string; customerPhone: string; shippingAddress: string; items: OrderItemDisplay[]; totalAmount: number; paymentMethod: string; paymentStatus: any; status: OrderStatus; createdAt: string; }' is not assignable to type 'OrderData'.
    Types of property 'items' are incompatible.
      Type 'OrderItemDisplay[]' is not assignable to type 'OrderItem[]'.
        Type 'OrderItemDisplay' is not assignable to type 'OrderItem'.
          Property 'quantity' is optional in type 'OrderItemDisplay' but required in type 'OrderItem'.
src/screens/SellerOrdersScreen.tsx(749,30): error TS2345: Argument of type '{ id: string; customerName: string; customerPhone: string; shippingAddress: string; items: OrderItemDisplay[]; totalAmount: number; paymentMethod: string; paymentStatus: any; status: OrderStatus; createdAt: string; }' is not assignable to parameter of type 'OrderData'.
  Types of property 'items' are incompatible.
    Type 'OrderItemDisplay[]' is not assignable to type 'OrderItem[]'.
      Type 'OrderItemDisplay' is not assignable to type 'OrderItem'.
        Property 'quantity' is optional in type 'OrderItemDisplay' but required in type 'OrderItem'.
src/screens/SellerOrdersScreen.tsx(754,62): error TS2551: Property 'payment_status' does not exist on type 'OrderDisplay'. Did you mean 'paymentStatus'?
src/screens/SellerOrdersScreen.tsx(897,31): error TS2551: Property 'payment_status' does not exist on type 'OrderDisplay'. Did you mean 'paymentStatus'?
src/screens/SellerOrdersScreen.tsx(905,48): error TS2551: Property 'payment_status' does not exist on type 'OrderDisplay'. Did you mean 'paymentStatus'?
src/screens/SellerOrdersScreen.tsx(1089,84): error TS2345: Argument of type 'Order' is not assignable to parameter of type 'OrderDisplay'.
  Type 'Order' is missing the following properties from type 'OrderDisplay': customer, phone, items, total, and 8 more.
src/screens/SellerOrdersScreen.tsx(1888,11): error TS2769: No overload matches this call.
  Overload 1 of 2, '(props: FlatListProps<OrderDisplay>): FlatList<OrderDisplay>', gave the following error.
    Type '({ item }: { item: Order; }) => React.JSX.Element' is not assignable to type 'ListRenderItem<OrderDisplay>'.
      Types of parameters '__0' and 'info' are incompatible.
        Type 'ListRenderItemInfo<OrderDisplay>' is not assignable to type '{ item: Order; }'.
          Types of property 'item' are incompatible.
            Type 'OrderDisplay' is missing the following properties from type 'Order': user_id, store_id, payment_status, payment_method, and 9 more.
  Overload 2 of 2, '(props: FlatListProps<OrderDisplay>, context: any): FlatList<OrderDisplay>', gave the following error.
    Type '({ item }: { item: Order; }) => React.JSX.Element' is not assignable to type 'ListRenderItem<OrderDisplay>'.
      Types of parameters '__0' and 'info' are incompatible.
        Type 'ListRenderItemInfo<OrderDisplay>' is not assignable to type '{ item: Order; }'.
          Types of property 'item' are incompatible.
            Type 'OrderDisplay' is missing the following properties from type 'Order': user_id, store_id, payment_status, payment_method, and 9 more.
